⚠ Warning: Next.js ignored package-lock.json in C:\Users\dell because it is outside the current Git repository (C:\Users\dell\Desktop\Replit-Clone).
 To use this directory, set `turbopack.root` in your Next.js config.

[browser] ./src/app/(dashboard)/dashboard/page.tsx:4:1
Error: Module not found: Can't resolve './dashboard-client'
  2 | import { developers, repositories, commits, pullRequests, securityFindings, vulnerabilities...
  3 | import { count, sql, eq, gte } from "drizzle-orm";
> 4 | import DashboardClient from "./dashboard-client";
    | ^^^^^^^^^^^^^^^^^^^^^^^^^^^^^^^^^^^^^^^^^^^^^^^^^
  5 |
  6 | export default async function DashboardPage() {
  7 |   // Fetch real data from database

https://nextjs.org/docs/messages/module-not-found 
[browser] ./src/app/(dashboard)/dashboard/page.tsx:4:1
Error: Module not found: Can't resolve './dashboard-client'
  2 | import { developers, repositories, commits, pullRequests, securityFindings, vulnerabilities...
  3 | import { count, sql, eq, gte } from "drizzle-orm";
> 4 | import DashboardClient from "./dashboard-client";
    | ^^^^^^^^^^^^^^^^^^^^^^^^^^^^^^^^^^^^^^^^^^^^^^^^^
  5 |
  6 | export default async function DashboardPage() {
  7 |   // Fetch real data from database

https://nextjs.org/docs/messages/module-not-found 
[browser] ./src/app/(dashboard)/dashboard/page.tsx:4:1
Error: Module not found: Can't resolve './dashboard-client'
  2 | import { developers, repositories, commits, pullRequests, securityFindings, vulnerabilities...
  3 | import { count, sql, eq, gte } from "drizzle-orm";
> 4 | import DashboardClient from "./dashboard-client";
    | ^^^^^^^^^^^^^^^^^^^^^^^^^^^^^^^^^^^^^^^^^^^^^^^^^
  5 |
  6 | export default async function DashboardPage() {
  7 |   // Fetch real data from database

https://nextjs.org/docs/messages/module-not-found 
[browser] ./src/app/(dashboard)/dashboard/page.tsx:4:1
Error: Module not found: Can't resolve './dashboard-client'
  2 | import { developers, repositories, commits, pullRequests, securityFindings, vulnerabilities...
  3 | import { count, sql, eq, gte } from "drizzle-orm";
> 4 | import DashboardClient from "./dashboard-client";
    | ^^^^^^^^^^^^^^^^^^^^^^^^^^^^^^^^^^^^^^^^^^^^^^^^^
  5 |
  6 | export default async function DashboardPage() {
  7 |   // Fetch real data from database

https://nextjs.org/docs/messages/module-not-found 
[browser] ./src/app/(dashboard)/dashboard/page.tsx:4:1
Error: Module not found: Can't resolve './dashboard-client'
  2 | import { developers, repositories, commits, pullRequests, securityFindings, vulnerabilities...
  3 | import { count, sql, eq, gte } from "drizzle-orm";
> 4 | import DashboardClient from "./dashboard-client";
    | ^^^^^^^^^^^^^^^^^^^^^^^^^^^^^^^^^^^^^^^^^^^^^^^^^
  5 |
  6 | export default async function DashboardPage() {
  7 |   // Fetch real data from database

https://nextjs.org/docs/messages/module-not-found 
[browser] ./src/app/(dashboard)/dashboard/page.tsx:4:1
Error: Module not found: Can't resolve './dashboard-client'
  2 | import { developers, repositories, commits, pullRequests, securityFindings, vulnerabilities...
  3 | import { count, sql, eq, gte } from "drizzle-orm";
> 4 | import DashboardClient from "./dashboard-client";
    | ^^^^^^^^^^^^^^^^^^^^^^^^^^^^^^^^^^^^^^^^^^^^^^^^^
  5 |
  6 | export default async function DashboardPage() {
  7 |   // Fetch real data from database

https://nextjs.org/docs/messages/module-not-found 
[browser] ./src/app/(dashboard)/dashboard/page.tsx:4:1
Error: Module not found: Can't resolve './dashboard-client'
  2 | import { developers, repositories, commits, pullRequests, securityFindings, vulnerabilities...
  3 | import { count, sql, eq, gte } from "drizzle-orm";
> 4 | import DashboardClient from "./dashboard-client";
    | ^^^^^^^^^^^^^^^^^^^^^^^^^^^^^^^^^^^^^^^^^^^^^^^^^
  5 |
  6 | export default async function DashboardPage() {
  7 |   // Fetch real data from database

https://nextjs.org/docs/messages/module-not-found 
[browser] ./src/app/(dashboard)/dashboard/page.tsx:4:1
Error: Module not found: Can't resolve './dashboard-client'
  2 | import { developers, repositories, commits, pullRequests, securityFindings, vulnerabilities...
  3 | import { count, sql, eq, gte } from "drizzle-orm";
> 4 | import DashboardClient from "./dashboard-client";
    | ^^^^^^^^^^^^^^^^^^^^^^^^^^^^^^^^^^^^^^^^^^^^^^^^^
  5 |
  6 | export default async function DashboardPage() {
  7 |   // Fetch real data from database

https://nextjs.org/docs/messages/module-not-found 
[browser] ./src/app/(dashboard)/dashboard/page.tsx:4:1
Error: Module not found: Can't resolve './dashboard-client'
  2 | import { developers, repositories, commits, pullRequests, securityFindings, vulnerabilities...
  3 | import { count, sql, eq, gte } from "drizzle-orm";
> 4 | import DashboardClient from "./dashboard-client";
    | ^^^^^^^^^^^^^^^^^^^^^^^^^^^^^^^^^^^^^^^^^^^^^^^^^
  5 |
  6 | export default async function DashboardPage() {
  7 |   // Fetch real data from database

https://nextjs.org/docs/messages/module-not-found 
[browser] Encountered a script tag while rendering React component. Scripts inside React components are never executed when rendering on the client. Consider using template tag instead (https://developer.mozilla.org/en-US/docs/Web/HTML/Element/template). 
[browser] Uncaught Error: Hydration failed because the server rendered HTML didn't match the client. As a result this tree will be regenerated on the client. This can happen if a SSR-ed Client Component used:

- A server/client branch `if (typeof window !== 'undefined')`.
- Variable input such as `Date.now()` or `Math.random()` which changes each time it's called.
- Date formatting in a user's locale which doesn't match the server.
- External changing data without sending a snapshot of it along with the HTML.
- Invalid HTML tag nesting.

It can also happen if the client has a browser extension installed which messes with the HTML before React loaded.

https://react.dev/link/hydration-mismatch

  ...
    <RedirectErrorBoundary router={{...}}>
      <InnerLayoutRouter url="/dashboard" tree={[...]} params={{}} cacheNode={{rsc:{...}, ...}} segmentPath={[...]} ...>
        <SegmentViewNode type="layout" pagePath="(dashboard...">
          <SegmentTrieNode>
          <script>
          <script>
          <ClientSegmentRoot Component={function DashboardLayout} slots={{children:{...}}} ...>
            <DashboardLayout params={Promise}>
              <div className="flex h-scr...">
                <Sidebar>
                <div className="flex flex-...">
                  <header className="flex h-14 ...">
                    <div>
                    <div className="flex items...">
                      <LinkComponent>
                      <button onClick={function onClick} className="rounded-lg...">
                        <Sun className="h-4 w-4">
                          <svg
                            ref={null}
                            xmlns="http://www.w3.org/2000/svg"
                            width={24}
                            height={24}
                            viewBox="0 0 24 24"
                            fill="none"
                            stroke="currentColor"
                            strokeWidth={2}
                            strokeLinecap="round"
                            strokeLinejoin="round"
+                           className="lucide lucide-sun h-4 w-4"
-                           className="lucide lucide-moon h-4 w-4"
                            aria-hidden="true"
                          >
+                           <circle cx="12" cy="12" r="4">
-                           <path
-                             d="M20.985 12.486a9 9 0 1 1-9.473-9.472c.405-.022.617.46.402.803a6 6 0 0 0 8.268 8.268c...."
-                           >
                            ...
                      ...
                  ...
      ...

    at <unknown> (https://react.dev/link/hydration-mismatch)
    at circle (<anonymous>)
    at Array.map (<anonymous>)
    at DashboardLayout (src/app/(dashboard)/layout.tsx:32:35)
  30 |               className="rounded-lg p-2 text-muted-foreground hover:bg-muted hover:text-foreground"
  31 |             >
> 32 |               {theme === "dark" ? <Sun className="h-4 w-4" /> : <Moon className="h-4 w-4" />}
     |                                   ^
  33 |             </button>
  34 |             <div className="flex h-8 w-8 items-center justify-center rounded-full bg-primary/10 text-primary text-xs font-semibold">
  35 |               AU
[browser] Encountered a script tag while rendering React component. Scripts inside React components are never executed when rendering on the client. Consider using template tag instead (https://developer.mozilla.org/en-US/docs/Web/HTML/Element/template). 
[browser] Uncaught Error: Hydration failed because the server rendered HTML didn't match the client. As a result this tree will be regenerated on the client. This can happen if a SSR-ed Client Component used:

- A server/client branch `if (typeof window !== 'undefined')`.
- Variable input such as `Date.now()` or `Math.random()` which changes each time it's called.
- Date formatting in a user's locale which doesn't match the server.
- External changing data without sending a snapshot of it along with the HTML.
- Invalid HTML tag nesting.

It can also happen if the client has a browser extension installed which messes with the HTML before React loaded.

https://react.dev/link/hydration-mismatch

  ...
    <RedirectErrorBoundary router={{...}}>
      <InnerLayoutRouter url="/dashboard" tree={[...]} params={{}} cacheNode={{rsc:{...}, ...}} segmentPath={[...]} ...>
        <SegmentViewNode type="layout" pagePath="(dashboard...">
          <SegmentTrieNode>
          <script>
          <script>
          <ClientSegmentRoot Component={function DashboardLayout} slots={{children:{...}}} ...>
            <DashboardLayout params={Promise}>
              <div className="flex h-scr...">
                <Sidebar>
                <div className="flex flex-...">
                  <header className="flex h-14 ...">
                    <div>
                    <div className="flex items...">
                      <LinkComponent>
                      <button onClick={function onClick} className="rounded-lg...">
                        <Sun className="h-4 w-4">
                          <svg
                            ref={null}
                            xmlns="http://www.w3.org/2000/svg"
                            width={24}
                            height={24}
                            viewBox="0 0 24 24"
                            fill="none"
                            stroke="currentColor"
                            strokeWidth={2}
                            strokeLinecap="round"
                            strokeLinejoin="round"
+                           className="lucide lucide-sun h-4 w-4"
-                           className="lucide lucide-moon h-4 w-4"
                            aria-hidden="true"
                          >
+                           <circle cx="12" cy="12" r="4">
-                           <path
-                             d="M20.985 12.486a9 9 0 1 1-9.473-9.472c.405-.022.617.46.402.803a6 6 0 0 0 8.268 8.268c...."
-                           >
                            ...
                      ...
                  ...
      ...

    at <unknown> (https://react.dev/link/hydration-mismatch)
    at circle (<anonymous>)
    at Array.map (<anonymous>)
    at DashboardLayout (src/app/(dashboard)/layout.tsx:32:35)
  30 |               className="rounded-lg p-2 text-muted-foreground hover:bg-muted hover:text-foreground"
  31 |             >
> 32 |               {theme === "dark" ? <Sun className="h-4 w-4" /> : <Moon className="h-4 w-4" />}
     |                                   ^
  33 |             </button>
  34 |             <div className="flex h-8 w-8 items-center justify-center rounded-full bg-primary/10 text-primary text-xs font-semibold">
  35 |               AU
[browser] Encountered a script tag while rendering React component. Scripts inside React components are never executed when rendering on the client. Consider using template tag instead (https://developer.mozilla.org/en-US/docs/Web/HTML/Element/template). 
[browser] Uncaught Error: Hydration failed because the server rendered HTML didn't match the client. As a result this tree will be regenerated on the client. This can happen if a SSR-ed Client Component used:

- A server/client branch `if (typeof window !== 'undefined')`.
- Variable input such as `Date.now()` or `Math.random()` which changes each time it's called.
- Date formatting in a user's locale which doesn't match the server.
- External changing data without sending a snapshot of it along with the HTML.
- Invalid HTML tag nesting.

It can also happen if the client has a browser extension installed which messes with the HTML before React loaded.

https://react.dev/link/hydration-mismatch

  ...
    <RedirectErrorBoundary router={{...}}>
      <InnerLayoutRouter url="/dashboard" tree={[...]} params={{}} cacheNode={{rsc:{...}, ...}} segmentPath={[...]} ...>
        <SegmentViewNode type="layout" pagePath="(dashboard...">
          <SegmentTrieNode>
          <script>
          <script>
          <ClientSegmentRoot Component={function DashboardLayout} slots={{children:{...}}} ...>
            <DashboardLayout params={Promise}>
              <div className="flex h-scr...">
                <Sidebar>
                <div className="flex flex-...">
                  <header className="flex h-14 ...">
                    <div>
                    <div className="flex items...">
                      <LinkComponent>
                      <button onClick={function onClick} className="rounded-lg...">
                        <Sun className="h-4 w-4">
                          <svg
                            ref={null}
                            xmlns="http://www.w3.org/2000/svg"
                            width={24}
                            height={24}
                            viewBox="0 0 24 24"
                            fill="none"
                            stroke="currentColor"
                            strokeWidth={2}
                            strokeLinecap="round"
                            strokeLinejoin="round"
+                           className="lucide lucide-sun h-4 w-4"
-                           className="lucide lucide-moon h-4 w-4"
                            aria-hidden="true"
                          >
+                           <circle cx="12" cy="12" r="4">
-                           <path
-                             d="M20.985 12.486a9 9 0 1 1-9.473-9.472c.405-.022.617.46.402.803a6 6 0 0 0 8.268 8.268c...."
-                           >
                            ...
                      ...
                  ...
      ...

    at <unknown> (https://react.dev/link/hydration-mismatch)
    at circle (<anonymous>)
    at Array.map (<anonymous>)
    at DashboardLayout (src/app/(dashboard)/layout.tsx:32:35)
  30 |               className="rounded-lg p-2 text-muted-foreground hover:bg-muted hover:text-foreground"
  31 |             >
> 32 |               {theme === "dark" ? <Sun className="h-4 w-4" /> : <Moon className="h-4 w-4" />}
     |                                   ^
  33 |             </button>
  34 |             <div className="flex h-8 w-8 items-center justify-center rounded-full bg-primary/10 text-primary text-xs font-semibold">
  35 |               AU
[browser] Encountered a script tag while rendering React component. Scripts inside React components are never executed when rendering on the client. Consider using template tag instead (https://developer.mozilla.org/en-US/docs/Web/HTML/Element/template). 
[browser] Uncaught Error: Hydration failed because the server rendered HTML didn't match the client. As a result this tree will be regenerated on the client. This can happen if a SSR-ed Client Component used:

- A server/client branch `if (typeof window !== 'undefined')`.
- Variable input such as `Date.now()` or `Math.random()` which changes each time it's called.
- Date formatting in a user's locale which doesn't match the server.
- External changing data without sending a snapshot of it along with the HTML.
- Invalid HTML tag nesting.

It can also happen if the client has a browser extension installed which messes with the HTML before React loaded.

https://react.dev/link/hydration-mismatch

  ...
    <RedirectErrorBoundary router={{...}}>
      <InnerLayoutRouter url="/dashboard" tree={[...]} params={{}} cacheNode={{rsc:{...}, ...}} segmentPath={[...]} ...>
        <SegmentViewNode type="layout" pagePath="(dashboard...">
          <SegmentTrieNode>
          <script>
          <script>
          <ClientSegmentRoot Component={function DashboardLayout} slots={{children:{...}}} ...>
            <DashboardLayout params={Promise}>
              <div className="flex h-scr...">
                <Sidebar>
                <div className="flex flex-...">
                  <header className="flex h-14 ...">
                    <div>
                    <div className="flex items...">
                      <LinkComponent>
                      <button onClick={function onClick} className="rounded-lg...">
                        <Sun className="h-4 w-4">
                          <svg
                            ref={null}
                            xmlns="http://www.w3.org/2000/svg"
                            width={24}
                            height={24}
                            viewBox="0 0 24 24"
                            fill="none"
                            stroke="currentColor"
                            strokeWidth={2}
                            strokeLinecap="round"
                            strokeLinejoin="round"
+                           className="lucide lucide-sun h-4 w-4"
-                           className="lucide lucide-moon h-4 w-4"
                            aria-hidden="true"
                          >
+                           <circle cx="12" cy="12" r="4">
-                           <path
-                             d="M20.985 12.486a9 9 0 1 1-9.473-9.472c.405-.022.617.46.402.803a6 6 0 0 0 8.268 8.268c...."
-                           >
                            ...
                      ...
                  ...
      ...

    at <unknown> (https://react.dev/link/hydration-mismatch)
    at circle (<anonymous>)
    at Array.map (<anonymous>)
    at DashboardLayout (src/app/(dashboard)/layout.tsx:32:35)
  30 |               className="rounded-lg p-2 text-muted-foreground hover:bg-muted hover:text-foreground"
  31 |             >
> 32 |               {theme === "dark" ? <Sun className="h-4 w-4" /> : <Moon className="h-4 w-4" />}
     |                                   ^
  33 |             </button>
  34 |             <div className="flex h-8 w-8 items-center justify-center rounded-full bg-primary/10 text-primary text-xs font-semibold">
  35 |               AU
[browser] Encountered a script tag while rendering React component. Scripts inside React components are never executed when rendering on the client. Consider using template tag instead (https://developer.mozilla.org/en-US/docs/Web/HTML/Element/template). 
[browser] Uncaught Error: Hydration failed because the server rendered HTML didn't match the client. As a result this tree will be regenerated on the client. This can happen if a SSR-ed Client Component used:

- A server/client branch `if (typeof window !== 'undefined')`.
- Variable input such as `Date.now()` or `Math.random()` which changes each time it's called.
- Date formatting in a user's locale which doesn't match the server.
- External changing data without sending a snapshot of it along with the HTML.
- Invalid HTML tag nesting.

It can also happen if the client has a browser extension installed which messes with the HTML before React loaded.

https://react.dev/link/hydration-mismatch

  ...
    <RedirectErrorBoundary router={{...}}>
      <InnerLayoutRouter url="/dashboard" tree={[...]} params={{}} cacheNode={{rsc:{...}, ...}} segmentPath={[...]} ...>
        <SegmentViewNode type="layout" pagePath="(dashboard...">
          <SegmentTrieNode>
          <script>
          <script>
          <ClientSegmentRoot Component={function DashboardLayout} slots={{children:{...}}} ...>
            <DashboardLayout params={Promise}>
              <div className="flex h-scr...">
                <Sidebar>
                <div className="flex flex-...">
                  <header className="flex h-14 ...">
                    <div>
                    <div className="flex items...">
                      <LinkComponent>
                      <button onClick={function onClick} className="rounded-lg...">
                        <Sun className="h-4 w-4">
                          <svg
                            ref={null}
                            xmlns="http://www.w3.org/2000/svg"
                            width={24}
                            height={24}
                            viewBox="0 0 24 24"
                            fill="none"
                            stroke="currentColor"
                            strokeWidth={2}
                            strokeLinecap="round"
                            strokeLinejoin="round"
+                           className="lucide lucide-sun h-4 w-4"
-                           className="lucide lucide-moon h-4 w-4"
                            aria-hidden="true"
                          >
+                           <circle cx="12" cy="12" r="4">
-                           <path
-                             d="M20.985 12.486a9 9 0 1 1-9.473-9.472c.405-.022.617.46.402.803a6 6 0 0 0 8.268 8.268c...."
-                           >
                            ...
                      ...
                  ...
      ...

    at <unknown> (https://react.dev/link/hydration-mismatch)
    at circle (<anonymous>)
    at Array.map (<anonymous>)
    at DashboardLayout (src/app/(dashboard)/layout.tsx:32:35)
  30 |               className="rounded-lg p-2 text-muted-foreground hover:bg-muted hover:text-foreground"
  31 |             >
> 32 |               {theme === "dark" ? <Sun className="h-4 w-4" /> : <Moon className="h-4 w-4" />}
     |                                   ^
  33 |             </button>
  34 |             <div className="flex h-8 w-8 items-center justify-center rounded-full bg-primary/10 text-primary text-xs font-semibold">
  35 |               AU
[browser] ./src/app/(dashboard)/dashboard/page.tsx:4:1
Error: Module not found: Can't resolve './dashboard-client'
  2 | import { developers, repositories, commits, pullRequests, securityFindings, vulnerabilities...
  3 | import { count, sql, eq, gte } from "drizzle-orm";
> 4 | import DashboardClient from "./dashboard-client";
    | ^^^^^^^^^^^^^^^^^^^^^^^^^^^^^^^^^^^^^^^^^^^^^^^^^
  5 |
  6 | export default async function DashboardPage() {
  7 |   // Fetch real data from database

https://nextjs.org/docs/messages/module-not-found 
[browser] ./src/app/(dashboard)/dashboard/page.tsx:4:1
Error: Module not found: Can't resolve './dashboard-client'
  2 | import { developers, repositories, commits, pullRequests, securityFindings, vulnerabilities...
  3 | import { count, sql, eq, gte } from "drizzle-orm";
> 4 | import DashboardClient from "./dashboard-client";
    | ^^^^^^^^^^^^^^^^^^^^^^^^^^^^^^^^^^^^^^^^^^^^^^^^^
  5 |
  6 | export default async function DashboardPage() {
  7 |   // Fetch real data from database

https://nextjs.org/docs/messages/module-not-found 
[browser] ./src/app/(dashboard)/dashboard/page.tsx:4:1
Error: Module not found: Can't resolve './dashboard-client'
  2 | import { developers, repositories, commits, pullRequests, securityFindings, vulnerabilities...
  3 | import { count, sql, eq, gte } from "drizzle-orm";
> 4 | import DashboardClient from "./dashboard-client";
    | ^^^^^^^^^^^^^^^^^^^^^^^^^^^^^^^^^^^^^^^^^^^^^^^^^
  5 |
  6 | export default async function DashboardPage() {
  7 |   // Fetch real data from database

https://nextjs.org/docs/messages/module-not-found 
[browser] ./src/app/(dashboard)/dashboard/page.tsx:4:1
Error: Module not found: Can't resolve './dashboard-client'
  2 | import { developers, repositories, commits, pullRequests, securityFindings, vulnerabilities...
  3 | import { count, sql, eq, gte } from "drizzle-orm";
> 4 | import DashboardClient from "./dashboard-client";
    | ^^^^^^^^^^^^^^^^^^^^^^^^^^^^^^^^^^^^^^^^^^^^^^^^^
  5 |
  6 | export default async function DashboardPage() {
  7 |   // Fetch real data from database

https://nextjs.org/docs/messages/module-not-found 
[browser] ./src/app/(dashboard)/dashboard/page.tsx:4:1
Error: Module not found: Can't resolve './dashboard-client'
  2 | import { developers, repositories, commits, pullRequests, securityFindings, vulnerabilities...
  3 | import { count, sql, eq, gte } from "drizzle-orm";
> 4 | import DashboardClient from "./dashboard-client";
    | ^^^^^^^^^^^^^^^^^^^^^^^^^^^^^^^^^^^^^^^^^^^^^^^^^
  5 |
  6 | export default async function DashboardPage() {
  7 |   // Fetch real data from database

https://nextjs.org/docs/messages/module-not-found 
[browser] ./src/app/(dashboard)/dashboard/page.tsx:4:1
Error: Module not found: Can't resolve './dashboard-client'
  2 | import { developers, repositories, commits, pullRequests, securityFindings, vulnerabilities...
  3 | import { count, sql, eq, gte } from "drizzle-orm";
> 4 | import DashboardClient from "./dashboard-client";
    | ^^^^^^^^^^^^^^^^^^^^^^^^^^^^^^^^^^^^^^^^^^^^^^^^^
  5 |
  6 | export default async function DashboardPage() {
  7 |   // Fetch real data from database

https://nextjs.org/docs/messages/module-not-found 
[browser] ./src/app/(dashboard)/dashboard/page.tsx:4:1
Error: Module not found: Can't resolve './dashboard-client'
  2 | import { developers, repositories, commits, pullRequests, securityFindings, vulnerabilities...
  3 | import { count, sql, eq, gte } from "drizzle-orm";
> 4 | import DashboardClient from "./dashboard-client";
    | ^^^^^^^^^^^^^^^^^^^^^^^^^^^^^^^^^^^^^^^^^^^^^^^^^
  5 |
  6 | export default async function DashboardPage() {
  7 |   // Fetch real data from database

https://nextjs.org/docs/messages/module-not-found 
[browser] ./src/app/(dashboard)/dashboard/page.tsx:4:1
Error: Module not found: Can't resolve './dashboard-client'
  2 | import { developers, repositories, commits, pullRequests, securityFindings, vulnerabilities...
  3 | import { count, sql, eq, gte } from "drizzle-orm";
> 4 | import DashboardClient from "./dashboard-client";
    | ^^^^^^^^^^^^^^^^^^^^^^^^^^^^^^^^^^^^^^^^^^^^^^^^^
  5 |
  6 | export default async function DashboardPage() {
  7 |   // Fetch real data from database

https://nextjs.org/docs/messages/module-not-found 
[browser] ./src/app/(dashboard)/dashboard/page.tsx:4:1
Error: Module not found: Can't resolve './dashboard-client'
  2 | import { developers, repositories, commits, pullRequests, securityFindings, vulnerabilities...
  3 | import { count, sql, eq, gte } from "drizzle-orm";
> 4 | import DashboardClient from "./dashboard-client";
    | ^^^^^^^^^^^^^^^^^^^^^^^^^^^^^^^^^^^^^^^^^^^^^^^^^
  5 |
  6 | export default async function DashboardPage() {
  7 |   // Fetch real data from database

https://nextjs.org/docs/messages/module-not-found 
⨯ ./src/app/(dashboard)/vulnerabilities/page.tsx:4:1
Error: Module not found: Can't resolve './vulns-client'
  [90m2 |[0m [36mimport[0m { vulnerabilities } [36mfrom[0m [32m"@/lib/db/schema"[0m;
  [90m3 |[0m [36mimport[0m { desc } [36mfrom[0m [32m"drizzle-orm"[0m;
[31m[1m>[0m [90m4 |[0m [36mimport[0m [33mVulnsClient[0m [36mfrom[0m [32m"./vulns-client"[0m;
  [90m  |[0m [31m[1m^^^^^^^^^^^^^^^^^^^^^^^^^^^^^^^^^^^^^^^^^[0m
  [90m5 |[0m
  [90m6 |[0m [36mexport[0m [36mdefault[0m [36masync[0m [36mfunction[0m [33mVulnerabilitiesPage[0m() {
  [90m7 |[0m   [36mconst[0m data = [36mawait[0m db.select().[36mfrom[0m(vulnerabilities).orderBy(desc(vulnerabilities.created...



https://nextjs.org/docs/messages/module-not-found


⨯ ./src/app/(dashboard)/vulnerabilities/page.tsx:4:1
Error: Module not found: Can't resolve './vulns-client'
  [90m2 |[0m [36mimport[0m { vulnerabilities } [36mfrom[0m [32m"@/lib/db/schema"[0m;
  [90m3 |[0m [36mimport[0m { desc } [36mfrom[0m [32m"drizzle-orm"[0m;
[31m[1m>[0m [90m4 |[0m [36mimport[0m [33mVulnsClient[0m [36mfrom[0m [32m"./vulns-client"[0m;
  [90m  |[0m [31m[1m^^^^^^^^^^^^^^^^^^^^^^^^^^^^^^^^^^^^^^^^^[0m
  [90m5 |[0m
  [90m6 |[0m [36mexport[0m [36mdefault[0m [36masync[0m [36mfunction[0m [33mVulnerabilitiesPage[0m() {
  [90m7 |[0m   [36mconst[0m data = [36mawait[0m db.select().[36mfrom[0m(vulnerabilities).orderBy(desc(vulnerabilities.created...



https://nextjs.org/docs/messages/module-not-found


⨯ ./src/app/(dashboard)/vulnerabilities/page.tsx:4:1
Error: Module not found: Can't resolve './vulns-client'
  [90m2 |[0m [36mimport[0m { vulnerabilities } [36mfrom[0m [32m"@/lib/db/schema"[0m;
  [90m3 |[0m [36mimport[0m { desc } [36mfrom[0m [32m"drizzle-orm"[0m;
[31m[1m>[0m [90m4 |[0m [36mimport[0m [33mVulnsClient[0m [36mfrom[0m [32m"./vulns-client"[0m;
  [90m  |[0m [31m[1m^^^^^^^^^^^^^^^^^^^^^^^^^^^^^^^^^^^^^^^^^[0m
  [90m5 |[0m
  [90m6 |[0m [36mexport[0m [36mdefault[0m [36masync[0m [36mfunction[0m [33mVulnerabilitiesPage[0m() {
  [90m7 |[0m   [36mconst[0m data = [36mawait[0m db.select().[36mfrom[0m(vulnerabilities).orderBy(desc(vulnerabilities.created...



https://nextjs.org/docs/messages/module-not-found


⨯ ./src/app/(dashboard)/vulnerabilities/page.tsx:4:1
Error: Module not found: Can't resolve './vulns-client'
  [90m2 |[0m [36mimport[0m { vulnerabilities } [36mfrom[0m [32m"@/lib/db/schema"[0m;
  [90m3 |[0m [36mimport[0m { desc } [36mfrom[0m [32m"drizzle-orm"[0m;
[31m[1m>[0m [90m4 |[0m [36mimport[0m [33mVulnsClient[0m [36mfrom[0m [32m"./vulns-client"[0m;
  [90m  |[0m [31m[1m^^^^^^^^^^^^^^^^^^^^^^^^^^^^^^^^^^^^^^^^^[0m
  [90m5 |[0m
  [90m6 |[0m [36mexport[0m [36mdefault[0m [36masync[0m [36mfunction[0m [33mVulnerabilitiesPage[0m() {
  [90m7 |[0m   [36mconst[0m data = [36mawait[0m db.select().[36mfrom[0m(vulnerabilities).orderBy(desc(vulnerabilities.created...



https://nextjs.org/docs/messages/module-not-found


⨯ ./src/app/(dashboard)/vulnerabilities/page.tsx:4:1
Error: Module not found: Can't resolve './vulns-client'
  [90m2 |[0m [36mimport[0m { vulnerabilities } [36mfrom[0m [32m"@/lib/db/schema"[0m;
  [90m3 |[0m [36mimport[0m { desc } [36mfrom[0m [32m"drizzle-orm"[0m;
[31m[1m>[0m [90m4 |[0m [36mimport[0m [33mVulnsClient[0m [36mfrom[0m [32m"./vulns-client"[0m;
  [90m  |[0m [31m[1m^^^^^^^^^^^^^^^^^^^^^^^^^^^^^^^^^^^^^^^^^[0m
  [90m5 |[0m
  [90m6 |[0m [36mexport[0m [36mdefault[0m [36masync[0m [36mfunction[0m [33mVulnerabilitiesPage[0m() {
  [90m7 |[0m   [36mconst[0m data = [36mawait[0m db.select().[36mfrom[0m(vulnerabilities).orderBy(desc(vulnerabilities.created...



https://nextjs.org/docs/messages/module-not-found


⨯ ./src/app/(dashboard)/vulnerabilities/page.tsx:4:1
Error: Module not found: Can't resolve './vulns-client'
  [90m2 |[0m [36mimport[0m { vulnerabilities } [36mfrom[0m [32m"@/lib/db/schema"[0m;
  [90m3 |[0m [36mimport[0m { desc } [36mfrom[0m [32m"drizzle-orm"[0m;
[31m[1m>[0m [90m4 |[0m [36mimport[0m [33mVulnsClient[0m [36mfrom[0m [32m"./vulns-client"[0m;
  [90m  |[0m [31m[1m^^^^^^^^^^^^^^^^^^^^^^^^^^^^^^^^^^^^^^^^^[0m
  [90m5 |[0m
  [90m6 |[0m [36mexport[0m [36mdefault[0m [36masync[0m [36mfunction[0m [33mVulnerabilitiesPage[0m() {
  [90m7 |[0m   [36mconst[0m data = [36mawait[0m db.select().[36mfrom[0m(vulnerabilities).orderBy(desc(vulnerabilities.created...



https://nextjs.org/docs/messages/module-not-found


[browser] ./src/app/(dashboard)/vulnerabilities/page.tsx:4:1
Error: Module not found: Can't resolve './vulns-client'
  2 | import { vulnerabilities } from "@/lib/db/schema";
  3 | import { desc } from "drizzle-orm";
> 4 | import VulnsClient from "./vulns-client";
    | ^^^^^^^^^^^^^^^^^^^^^^^^^^^^^^^^^^^^^^^^^
  5 |
  6 | export default async function VulnerabilitiesPage() {
  7 |   const data = await db.select().from(vulnerabilities).orderBy(desc(vulnerabilities.created...

https://nextjs.org/docs/messages/module-not-found 
⨯ Error: Failed query: select count(*) from "developers"
params: 
    at async DashboardPage (src\app\(dashboard)\dashboard\page.tsx:20:7)
  18 |     recentAlerts,
  19 |     ciRunsData,
> 20 |   ] = await Promise.all([
     |       ^
  21 |     db.select({ count: count() }).from(developers),
  22 |     db.select({ count: count() }).from(repositories),
  23 |     db.select({ count: count() }).from(commits), {
  query: 'select count(*) from "developers"',
  params: [],
  digest: '391441008',
  [cause]: Error [NeonDbError]: relation "developers" does not exist
      at async DashboardPage (src\app\(dashboard)\dashboard\page.tsx:20:7)
    18 |     recentAlerts,
    19 |     ciRunsData,
  > 20 |   ] = await Promise.all([
       |       ^
    21 |     db.select({ count: count() }).from(developers),
    22 |     db.select({ count: count() }).from(repositories),
    23 |     db.select({ count: count() }).from(commits), {
    severity: 'ERROR',
    code: '42P01',
    detail: undefined,
    hint: undefined,
    position: '22',
    internalPosition: undefined,
    internalQuery: undefined,
    where: undefined,
    schema: undefined,
    table: undefined,
    column: undefined,
    dataType: undefined,
    constraint: undefined,
    file: 'parse_relation.c',
    line: '1498',
    routine: 'parserOpenTable',
    sourceError: undefined
  }
}
⨯ Error: Failed query: select count(*) from "commits"
params: 
    at async DashboardPage (src\app\(dashboard)\dashboard\page.tsx:20:7)
  18 |     recentAlerts,
  19 |     ciRunsData,
> 20 |   ] = await Promise.all([
     |       ^
  21 |     db.select({ count: count() }).from(developers),
  22 |     db.select({ count: count() }).from(repositories),
  23 |     db.select({ count: count() }).from(commits), {
  query: 'select count(*) from "commits"',
  params: [],
  digest: '3613636274',
  [cause]: Error [NeonDbError]: relation "commits" does not exist
      at async DashboardPage (src\app\(dashboard)\dashboard\page.tsx:20:7)
    18 |     recentAlerts,
    19 |     ciRunsData,
  > 20 |   ] = await Promise.all([
       |       ^
    21 |     db.select({ count: count() }).from(developers),
    22 |     db.select({ count: count() }).from(repositories),
    23 |     db.select({ count: count() }).from(commits), {
    severity: 'ERROR',
    code: '42P01',
    detail: undefined,
    hint: undefined,
    position: '22',
    internalPosition: undefined,
    internalQuery: undefined,
    where: undefined,
    schema: undefined,
    table: undefined,
    column: undefined,
    dataType: undefined,
    constraint: undefined,
    file: 'parse_relation.c',
    line: '1498',
    routine: 'parserOpenTable',
    sourceError: undefined
  }
}
[browser] Uncaught Error: Failed query: select count(*) from "commits"
params: 
    at Promise.all (<anonymous>:1:20)
    at DashboardPage (src\app\(dashboard)\dashboard\page.tsx:20:7)
  18 |     recentAlerts,
  19 |     ciRunsData,
> 20 |   ] = await Promise.all([
     |       ^
  21 |     db.select({ count: count() }).from(developers),
  22 |     db.select({ count: count() }).from(repositories),
  23 |     db.select({ count: count() }).from(commits),
⨯ Error: Failed query: select count(*) from "developers"
params: 
    at async DashboardPage (src\app\(dashboard)\dashboard\page.tsx:20:7)
  18 |     recentAlerts,
  19 |     ciRunsData,
> 20 |   ] = await Promise.all([
     |       ^
  21 |     db.select({ count: count() }).from(developers),
  22 |     db.select({ count: count() }).from(repositories),
  23 |     db.select({ count: count() }).from(commits), {
  query: 'select count(*) from "developers"',
  params: [],
  digest: '391441008',
  [cause]: Error [NeonDbError]: relation "developers" does not exist
      at async DashboardPage (src\app\(dashboard)\dashboard\page.tsx:20:7)
    18 |     recentAlerts,
    19 |     ciRunsData,
  > 20 |   ] = await Promise.all([
       |       ^
    21 |     db.select({ count: count() }).from(developers),
    22 |     db.select({ count: count() }).from(repositories),
    23 |     db.select({ count: count() }).from(commits), {
    severity: 'ERROR',
    code: '42P01',
    detail: undefined,
    hint: undefined,
    position: '22',
    internalPosition: undefined,
    internalQuery: undefined,
    where: undefined,
    schema: undefined,
    table: undefined,
    column: undefined,
    dataType: undefined,
    constraint: undefined,
    file: 'parse_relation.c',
    line: '1498',
    routine: 'parserOpenTable',
    sourceError: undefined
  }
}
⨯ Error: Failed query: select count(*) from "vulnerabilities"
params: 
    at async DashboardPage (src\app\(dashboard)\dashboard\page.tsx:20:7)
  18 |     recentAlerts,
  19 |     ciRunsData,
> 20 |   ] = await Promise.all([
     |       ^
  21 |     db.select({ count: count() }).from(developers),
  22 |     db.select({ count: count() }).from(repositories),
  23 |     db.select({ count: count() }).from(commits), {
  query: 'select count(*) from "vulnerabilities"',
  params: [],
  digest: '2028658551',
  [cause]: Error [NeonDbError]: relation "vulnerabilities" does not exist
      at async DashboardPage (src\app\(dashboard)\dashboard\page.tsx:20:7)
    18 |     recentAlerts,
    19 |     ciRunsData,
  > 20 |   ] = await Promise.all([
       |       ^
    21 |     db.select({ count: count() }).from(developers),
    22 |     db.select({ count: count() }).from(repositories),
    23 |     db.select({ count: count() }).from(commits), {
    severity: 'ERROR',
    code: '42P01',
    detail: undefined,
    hint: undefined,
    position: '22',
    internalPosition: undefined,
    internalQuery: undefined,
    where: undefined,
    schema: undefined,
    table: undefined,
    column: undefined,
    dataType: undefined,
    constraint: undefined,
    file: 'parse_relation.c',
    line: '1498',
    routine: 'parserOpenTable',
    sourceError: undefined
  }
}
[browser] Uncaught Error: Failed query: select count(*) from "vulnerabilities"
params: 
    at Promise.all (<anonymous>:1:20)
    at DashboardPage (src\app\(dashboard)\dashboard\page.tsx:20:7)
  18 |     recentAlerts,
  19 |     ciRunsData,
> 20 |   ] = await Promise.all([
     |       ^
  21 |     db.select({ count: count() }).from(developers),
  22 |     db.select({ count: count() }).from(repositories),
  23 |     db.select({ count: count() }).from(commits),
⨯ Error: Failed query: select count(*) from "security_findings"
params: 
    at async DashboardPage (src\app\(dashboard)\dashboard\page.tsx:20:7)
  18 |     recentAlerts,
  19 |     ciRunsData,
> 20 |   ] = await Promise.all([
     |       ^
  21 |     db.select({ count: count() }).from(developers),
  22 |     db.select({ count: count() }).from(repositories),
  23 |     db.select({ count: count() }).from(commits), {
  query: 'select count(*) from "security_findings"',
  params: [],
  digest: '1289845622',
  [cause]: Error [NeonDbError]: relation "security_findings" does not exist
      at async DashboardPage (src\app\(dashboard)\dashboard\page.tsx:20:7)
    18 |     recentAlerts,
    19 |     ciRunsData,
  > 20 |   ] = await Promise.all([
       |       ^
    21 |     db.select({ count: count() }).from(developers),
    22 |     db.select({ count: count() }).from(repositories),
    23 |     db.select({ count: count() }).from(commits), {
    severity: 'ERROR',
    code: '42P01',
    detail: undefined,
    hint: undefined,
    position: '22',
    internalPosition: undefined,
    internalQuery: undefined,
    where: undefined,
    schema: undefined,
    table: undefined,
    column: undefined,
    dataType: undefined,
    constraint: undefined,
    file: 'parse_relation.c',
    line: '1498',
    routine: 'parserOpenTable',
    sourceError: undefined
  }
}
⨯ Error: Failed query: select count(*) from "developers"
params: 
    at async DashboardPage (src\app\(dashboard)\dashboard\page.tsx:20:7)
  18 |     recentAlerts,
  19 |     ciRunsData,
> 20 |   ] = await Promise.all([
     |       ^
  21 |     db.select({ count: count() }).from(developers),
  22 |     db.select({ count: count() }).from(repositories),
  23 |     db.select({ count: count() }).from(commits), {
  query: 'select count(*) from "developers"',
  params: [],
  digest: '391441008',
  [cause]: Error [NeonDbError]: relation "developers" does not exist
      at async DashboardPage (src\app\(dashboard)\dashboard\page.tsx:20:7)
    18 |     recentAlerts,
    19 |     ciRunsData,
  > 20 |   ] = await Promise.all([
       |       ^
    21 |     db.select({ count: count() }).from(developers),
    22 |     db.select({ count: count() }).from(repositories),
    23 |     db.select({ count: count() }).from(commits), {
    severity: 'ERROR',
    code: '42P01',
    detail: undefined,
    hint: undefined,
    position: '22',
    internalPosition: undefined,
    internalQuery: undefined,
    where: undefined,
    schema: undefined,
    table: undefined,
    column: undefined,
    dataType: undefined,
    constraint: undefined,
    file: 'parse_relation.c',
    line: '1498',
    routine: 'parserOpenTable',
    sourceError: undefined
  }
}
[browser] Encountered a script tag while rendering React component. Scripts inside React components are never executed when rendering on the client. Consider using template tag instead (https://developer.mozilla.org/en-US/docs/Web/HTML/Element/template). 
[browser] Uncaught Error: Failed query: select count(*) from "security_findings"
params: 
    at Promise.all (<anonymous>:1:20)
    at DashboardPage (src\app\(dashboard)\dashboard\page.tsx:20:7)
  18 |     recentAlerts,
  19 |     ciRunsData,
> 20 |   ] = await Promise.all([
     |       ^
  21 |     db.select({ count: count() }).from(developers),
  22 |     db.select({ count: count() }).from(repositories),
  23 |     db.select({ count: count() }).from(commits),
[browser] Encountered a script tag while rendering React component. Scripts inside React components are never executed when rendering on the client. Consider using template tag instead (https://developer.mozilla.org/en-US/docs/Web/HTML/Element/template). 
[browser] Uncaught Error: Failed query: select count(*) from "developers"
params: 
    at Promise.all (<anonymous>:1:20)
    at DashboardPage (src\app\(dashboard)\dashboard\page.tsx:20:7)
  18 |     recentAlerts,
  19 |     ciRunsData,
> 20 |   ] = await Promise.all([
     |       ^
  21 |     db.select({ count: count() }).from(developers),
  22 |     db.select({ count: count() }).from(repositories),
  23 |     db.select({ count: count() }).from(commits),
⚠ Fast Refresh had to perform a full reload due to a runtime error.
⚠ Fast Refresh had to perform a full reload due to a runtime error.
⨯ Error: Failed query: select count(*) from "developers"
params: 
    at async DashboardPage (src\app\(dashboard)\dashboard\page.tsx:20:7)
  18 |     recentAlerts,
  19 |     ciRunsData,
> 20 |   ] = await Promise.all([
     |       ^
  21 |     db.select({ count: count() }).from(developers),
  22 |     db.select({ count: count() }).from(repositories),
  23 |     db.select({ count: count() }).from(commits), {
  query: 'select count(*) from "developers"',
  params: [],
  digest: '391441008',
  [cause]: Error [NeonDbError]: relation "developers" does not exist
      at async DashboardPage (src\app\(dashboard)\dashboard\page.tsx:20:7)
    18 |     recentAlerts,
    19 |     ciRunsData,
  > 20 |   ] = await Promise.all([
       |       ^
    21 |     db.select({ count: count() }).from(developers),
    22 |     db.select({ count: count() }).from(repositories),
    23 |     db.select({ count: count() }).from(commits), {
    severity: 'ERROR',
    code: '42P01',
    detail: undefined,
    hint: undefined,
    position: '22',
    internalPosition: undefined,
    internalQuery: undefined,
    where: undefined,
    schema: undefined,
    table: undefined,
    column: undefined,
    dataType: undefined,
    constraint: undefined,
    file: 'parse_relation.c',
    line: '1498',
    routine: 'parserOpenTable',
    sourceError: undefined
  }
}
⨯ Error: Failed query: select count(*) from "security_findings"
params: 
    at async DashboardPage (src\app\(dashboard)\dashboard\page.tsx:20:7)
  18 |     recentAlerts,
  19 |     ciRunsData,
> 20 |   ] = await Promise.all([
     |       ^
  21 |     db.select({ count: count() }).from(developers),
  22 |     db.select({ count: count() }).from(repositories),
  23 |     db.select({ count: count() }).from(commits), {
  query: 'select count(*) from "security_findings"',
  params: [],
  digest: '1289845622',
  [cause]: Error [NeonDbError]: relation "security_findings" does not exist
      at async DashboardPage (src\app\(dashboard)\dashboard\page.tsx:20:7)
    18 |     recentAlerts,
    19 |     ciRunsData,
  > 20 |   ] = await Promise.all([
       |       ^
    21 |     db.select({ count: count() }).from(developers),
    22 |     db.select({ count: count() }).from(repositories),
    23 |     db.select({ count: count() }).from(commits), {
    severity: 'ERROR',
    code: '42P01',
    detail: undefined,
    hint: undefined,
    position: '22',
    internalPosition: undefined,
    internalQuery: undefined,
    where: undefined,
    schema: undefined,
    table: undefined,
    column: undefined,
    dataType: undefined,
    constraint: undefined,
    file: 'parse_relation.c',
    line: '1498',
    routine: 'parserOpenTable',
    sourceError: undefined
  }
}
[browser] Encountered a script tag while rendering React component. Scripts inside React components are never executed when rendering on the client. Consider using template tag instead (https://developer.mozilla.org/en-US/docs/Web/HTML/Element/template). 
[browser] Uncaught Error: Failed query: select count(*) from "developers"
params: 
    at Promise.all (<anonymous>:1:20)
    at DashboardPage (src\app\(dashboard)\dashboard\page.tsx:20:7)
  18 |     recentAlerts,
  19 |     ciRunsData,
> 20 |   ] = await Promise.all([
     |       ^
  21 |     db.select({ count: count() }).from(developers),
  22 |     db.select({ count: count() }).from(repositories),
  23 |     db.select({ count: count() }).from(commits),
[browser] Encountered a script tag while rendering React component. Scripts inside React components are never executed when rendering on the client. Consider using template tag instead (https://developer.mozilla.org/en-US/docs/Web/HTML/Element/template). 
[browser] Uncaught Error: Failed query: select count(*) from "security_findings"
params: 
    at Promise.all (<anonymous>:1:20)
    at DashboardPage (src\app\(dashboard)\dashboard\page.tsx:20:7)
  18 |     recentAlerts,
  19 |     ciRunsData,
> 20 |   ] = await Promise.all([
     |       ^
  21 |     db.select({ count: count() }).from(developers),
  22 |     db.select({ count: count() }).from(repositories),
  23 |     db.select({ count: count() }).from(commits),
